*** Warning: The configured compiler version '5.06 update 7 (build 960)' does not support the selected User Based Licensing technology.
*** Using Compiler 'V5.06 update 7 (build 960)', folder: 'C:\Keil_v5_ARM\ARM\ARMCC\Bin'
Build target 'WG-BOOT-APP-RV'
compiling bsp_flash.c...
compiling main.c...
compiling bsp_can.c...
compiling bsp_dma.c...
compiling bsp_iic.c...
compiling bsp_fwdgt.c...
compiling bsp_init.c...
compiling fwdgt.c...
compiling bsp_interrupt.c...
compiling bsp_gpio.c...
compiling bsp_adc.c...
compiling bsp_usart.c...
compiling led.c...
compiling protect.c...
compiling bsp_pwm.c...
compiling open_loop.c...
compiling l_loop_open.c...
compiling flash_cfg.c...
compiling fsm.c...
compiling temp_derate.c...
compiling can_test.c...
compiling data_com.c...
compiling bat_charge_pattern.c...
compiling ctrl_app.c...
compiling charge_control.c...
compiling pid.c...
compiling adc_check.c...
compiling stop_dormant.c...
compiling buck_boost.c...
compiling power_sw.c...
compiling temperature.c...
compiling eeprom_cfg.c...
compiling parallel_mode.c...
compiling adc.c...
compiling can_packet.c...
compiling soft_start.c...
compiling flash.c...
compiling gpio.c...
compiling mppt.c...
compiling ymodem.c...
compiling standard_mode.c...
compiling wg_com_v2.c...
compiling rvc_address.c...
compiling basic_mode.c...
compiling get_com_data.c...
compiling fan_drive.c...
compiling bat_mode.c...
compiling rvc_message_handler.c...
linking...
Program Size: Code=94796 RO-data=6188 RW-data=2784 ZI-data=9632  
FromELF: creating hex file...
After Build - User command #1: fromelf --bin --output="E:\Doc zhengch\bc1500m\WG-BC_CODE\wg-bc-app\code\xh_keil\output\debug\rv\WG-BC1200M_20260820_APP_RV.bin" "E:\Doc zhengch\bc1500m\WG-BC_CODE\wg-bc-app\code\xh_keil\output\debug\rv\WG-BC1200M_20260820_APP_RV.axf"
".\output\debug\rv\WG-BC1200M_20260820_APP_RV.axf" - 0 Error(s), 0 Warning(s).
Build Time Elapsed:  00:00:22
